[08:30:49.965] [INFO] Storybook upgrade - v10.4.0
[08:30:49.969] [INFO] Detecting projects...
[08:30:49.969] [DEBUG] Finding Storybook projects...
[08:30:50.144] [DEBUG] Found 1 Storybook projects
[08:30:50.145] [INFO] Detecting projects: 1 projects
[08:30:50.146] [DEBUG] Getting Storybook data...
[08:30:50.146] [DEBUG] Getting Storybook info...
[08:30:50.282] [DEBUG] Loading main config...
[08:30:50.282] [DEBUG] Getting stories paths...
[08:30:50.302] [DEBUG] Getting package manager...
[08:30:50.552] [DEBUG] Getting package.json info for /home/user/datocms-yes-it-s-ananias-web/package.json...
[08:30:50.552] [DEBUG] Getting Storybook version...
[08:30:50.552] [DEBUG] Detecting CSF factory usage...
[08:30:50.570] [DEBUG] /.storybook - Validating before version... 7.6.14
[08:30:50.570] [DEBUG] /.storybook - Validating upgrade compatibility...
[08:30:50.570] [DEBUG] /.storybook - Fetching NPM version information...
[08:30:50.570] [DEBUG] Getting CLI versions from NPM for storybook...
[08:30:50.570] [DEBUG] Executing command: yarn info storybook version --json
[08:30:50.580] [DEBUG] Getting CLI versions from NPM for storybook@next...
[08:30:50.580] [DEBUG] Executing command: yarn info storybook@next version --json
[08:30:51.914] [DEBUG] /.storybook - Evaluating blockers...
[08:30:51.928] [DEBUG] Getting installed version for @storybook/experimental-addon-test...
[08:30:51.938] [DEBUG] Executing command: yarn list --pattern "@storybook/experimental-addon-test" --json --recursive @storybook/experimental-addon-test
[08:30:52.515] [DEBUG] No installations found for @storybook/experimental-addon-test
[08:30:52.515] [INFO] 1 project detected
[08:30:52.515] [DEBUG] Found 1 valid projects and 0 error projects
[08:30:52.515] [INFO] Upgrading from 7.6.14 to 10.4.0
[08:30:52.517] [ERROR] Blockers detected

Storybook has found potential blockers that need to be resolved before upgrading:

Major Version Gap Detected

Your Storybook version (v7.6.14) is more than one major version behind the target release (v10.4.0). Please upgrade one major version at a time.

You can upgrade to version 8 by running:
npx storybook@8 upgrade

Affected projects: /.storybook

More information: https://storybook.js.org/docs/8/migration-guide?ref=upgrade

---

After addressing this, you can try running the upgrade command again. You can also rerun the upgrade command with the --force flag to skip the blocker check and to proceed with the upgrade.